16:28:55 **** Incremental Build of configuration Debug for project F429ZI_Blinky ****
make -j8 all 
arm-none-eabi-gcc "../Core/Src/main.c" -mcpu=cortex-m4 -std=gnu11 -g3 -DDEBUG -DUSE_HAL_DRIVER -DSTM32F429xx -c -I../Core/Inc -I../Drivers/STM32F4xx_HAL_Driver/Inc -I../Drivers/STM32F4xx_HAL_Driver/Inc/Legacy -I../Drivers/CMSIS/Device/ST/STM32F4xx/Include -I../Drivers/CMSIS/Include -O0 -ffunction-sections -fdata-sections -Wall -fstack-usage -MMD -MP -MF"Core/Src/main.d" -MT"Core/Src/main.o" --specs=nano.specs -mfpu=fpv4-sp-d16 -mfloat-abi=hard -mthumb -o "Core/Src/main.o"
arm-none-eabi-gcc -o "F429ZI_Blinky.elf" @"objects.list"   -mcpu=cortex-m4 -T"F:\engineering\codespace\MCUReview\Blinky_F429ZI\F429ZI_Blinky\STM32F429ZITX_FLASH.ld" --specs=nosys.specs -Wl,-Map="F429ZI_Blinky.map" -Wl,--gc-sections -static --specs=nano.specs -mfpu=fpv4-sp-d16 -mfloat-abi=hard -mthumb -Wl,--start-group -lc -lm -Wl,--end-group
Finished building target: F429ZI_Blinky.elf
 
arm-none-eabi-objdump -h -S  F429ZI_Blinky.elf  > "F429ZI_Blinky.list"
arm-none-eabi-objcopy  -O binary  F429ZI_Blinky.elf  "F429ZI_Blinky.bin"
arm-none-eabi-size   F429ZI_Blinky.elf 
   text	   data	    bss	    dec	    hex	filename
  12740	     20	   2740	  15500	   3c8c	F429ZI_Blinky.elf
Finished building: default.size.stdout
 
Finished building: F429ZI_Blinky.bin
 
Finished building: F429ZI_Blinky.list
 

16:28:56 Build Finished. 0 errors, 0 warnings. (took 1s.243ms)

