21:11:55 **** Incremental Build of configuration Debug for project Nucleo_blinky ****
make -j8 all 
arm-none-eabi-gcc "../Core/Src/main.c" -mcpu=cortex-m4 -std=gnu11 -g3 -DDEBUG -DUSE_HAL_DRIVER -DSTM32L476xx -c -I../Core/Inc -I../Drivers/STM32L4xx_HAL_Driver/Inc -I../Drivers/STM32L4xx_HAL_Driver/Inc/Legacy -I../Drivers/CMSIS/Device/ST/STM32L4xx/Include -I../Drivers/CMSIS/Include -O0 -ffunction-sections -fdata-sections -Wall -fstack-usage -MMD -MP -MF"Core/Src/main.d" -MT"Core/Src/main.o" --specs=nano.specs -mfpu=fpv4-sp-d16 -mfloat-abi=hard -mthumb -o "Core/Src/main.o"
arm-none-eabi-gcc -o "Nucleo_blinky.elf" @"objects.list"   -mcpu=cortex-m4 -T"F:\engineering\codespace\MCUReview\Nucleo_blinky\Nucleo_blinky\STM32L476RGTX_FLASH.ld" --specs=nosys.specs -Wl,-Map="Nucleo_blinky.map" -Wl,--gc-sections -static --specs=nano.specs -mfpu=fpv4-sp-d16 -mfloat-abi=hard -mthumb -Wl,--start-group -lc -lm -Wl,--end-group
Finished building target: Nucleo_blinky.elf
 
arm-none-eabi-objdump -h -S  Nucleo_blinky.elf  > "Nucleo_blinky.list"
arm-none-eabi-objcopy  -O binary  Nucleo_blinky.elf  "Nucleo_blinky.bin"
arm-none-eabi-size   Nucleo_blinky.elf 
   text	   data	    bss	    dec	    hex	filename
  13860	     20	   1780	  15660	   3d2c	Nucleo_blinky.elf
Finished building: Nucleo_blinky.bin
Finished building: default.size.stdout
Finished building: Nucleo_blinky.list
 
 
 
21:12:02 **** Incremental Build of configuration Debug for project Nucleo_blinky ****
make -j8 all 
arm-none-eabi-size   Nucleo_blinky.elf 
   text	   data	    bss	    dec	    hex	filename
  13860	     20	   1780	  15660	   3d2c	Nucleo_blinky.elf
Finished building: default.size.stdout
 
21:39:35 **** Incremental Build of configuration Debug for project Nucleo_blinky ****
make -j8 all 
arm-none-eabi-gcc "../Core/Src/main.c" -mcpu=cortex-m4 -std=gnu11 -g3 -DDEBUG -DUSE_HAL_DRIVER -DSTM32L476xx -c -I../Core/Inc -I../Drivers/STM32L4xx_HAL_Driver/Inc -I../Drivers/STM32L4xx_HAL_Driver/Inc/Legacy -I../Drivers/CMSIS/Device/ST/STM32L4xx/Include -I../Drivers/CMSIS/Include -O0 -ffunction-sections -fdata-sections -Wall -fstack-usage -MMD -MP -MF"Core/Src/main.d" -MT"Core/Src/main.o" --specs=nano.specs -mfpu=fpv4-sp-d16 -mfloat-abi=hard -mthumb -o "Core/Src/main.o"
arm-none-eabi-gcc -o "Nucleo_blinky.elf" @"objects.list"   -mcpu=cortex-m4 -T"F:\engineering\codespace\MCUReview\Nucleo_blinky\Nucleo_blinky\STM32L476RGTX_FLASH.ld" --specs=nosys.specs -Wl,-Map="Nucleo_blinky.map" -Wl,--gc-sections -static --specs=nano.specs -mfpu=fpv4-sp-d16 -mfloat-abi=hard -mthumb -Wl,--start-group -lc -lm -Wl,--end-group
Finished building target: Nucleo_blinky.elf
 
arm-none-eabi-objdump -h -S  Nucleo_blinky.elf  > "Nucleo_blinky.list"
arm-none-eabi-objcopy  -O binary  Nucleo_blinky.elf  "Nucleo_blinky.bin"
arm-none-eabi-size   Nucleo_blinky.elf 
Finished building: Nucleo_blinky.bin
   text	   data	    bss	    dec	    hex	filename
  13872	     20	   1780	  15672	   3d38	Nucleo_blinky.elf
Finished building: default.size.stdout
 
 
Finished building: Nucleo_blinky.list
 
22:21:11 **** Incremental Build of configuration Debug for project Nucleo_blinky ****
make -j8 all 
arm-none-eabi-gcc "../Core/Src/main.c" -mcpu=cortex-m4 -std=gnu11 -g3 -DDEBUG -DUSE_HAL_DRIVER -DSTM32L476xx -c -I../Core/Inc -I../Drivers/STM32L4xx_HAL_Driver/Inc -I../Drivers/STM32L4xx_HAL_Driver/Inc/Legacy -I../Drivers/CMSIS/Device/ST/STM32L4xx/Include -I../Drivers/CMSIS/Include -O0 -ffunction-sections -fdata-sections -Wall -fstack-usage -MMD -MP -MF"Core/Src/main.d" -MT"Core/Src/main.o" --specs=nano.specs -mfpu=fpv4-sp-d16 -mfloat-abi=hard -mthumb -o "Core/Src/main.o"
arm-none-eabi-gcc -o "Nucleo_blinky.elf" @"objects.list"   -mcpu=cortex-m4 -T"F:\engineering\codespace\MCUReview\Nucleo_blinky\Nucleo_blinky\STM32L476RGTX_FLASH.ld" --specs=nosys.specs -Wl,-Map="Nucleo_blinky.map" -Wl,--gc-sections -static --specs=nano.specs -mfpu=fpv4-sp-d16 -mfloat-abi=hard -mthumb -Wl,--start-group -lc -lm -Wl,--end-group
Finished building target: Nucleo_blinky.elf
 
arm-none-eabi-objdump -h -S  Nucleo_blinky.elf  > "Nucleo_blinky.list"
arm-none-eabi-objcopy  -O binary  Nucleo_blinky.elf  "Nucleo_blinky.bin"
arm-none-eabi-size   Nucleo_blinky.elf 
   text	   data	    bss	    dec	    hex	filename
  13892	     20	   1780	  15692	   3d4c	Nucleo_blinky.elf
Finished building: default.size.stdout
 
Finished building: Nucleo_blinky.bin
 
Finished building: Nucleo_blinky.list
 
22:21:38 **** Incremental Build of configuration Debug for project Nucleo_blinky ****
make -j8 all 
arm-none-eabi-gcc "../Core/Src/main.c" -mcpu=cortex-m4 -std=gnu11 -g3 -DDEBUG -DUSE_HAL_DRIVER -DSTM32L476xx -c -I../Core/Inc -I../Drivers/STM32L4xx_HAL_Driver/Inc -I../Drivers/STM32L4xx_HAL_Driver/Inc/Legacy -I../Drivers/CMSIS/Device/ST/STM32L4xx/Include -I../Drivers/CMSIS/Include -O0 -ffunction-sections -fdata-sections -Wall -fstack-usage -MMD -MP -MF"Core/Src/main.d" -MT"Core/Src/main.o" --specs=nano.specs -mfpu=fpv4-sp-d16 -mfloat-abi=hard -mthumb -o "Core/Src/main.o"
arm-none-eabi-gcc -o "Nucleo_blinky.elf" @"objects.list"   -mcpu=cortex-m4 -T"F:\engineering\codespace\MCUReview\Nucleo_blinky\Nucleo_blinky\STM32L476RGTX_FLASH.ld" --specs=nosys.specs -Wl,-Map="Nucleo_blinky.map" -Wl,--gc-sections -static --specs=nano.specs -mfpu=fpv4-sp-d16 -mfloat-abi=hard -mthumb -Wl,--start-group -lc -lm -Wl,--end-group
Finished building target: Nucleo_blinky.elf
 
arm-none-eabi-objdump -h -S  Nucleo_blinky.elf  > "Nucleo_blinky.list"
arm-none-eabi-objcopy  -O binary  Nucleo_blinky.elf  "Nucleo_blinky.bin"
arm-none-eabi-size   Nucleo_blinky.elf 
   text	   data	    bss	    dec	    hex	filename
  13880	     20	   1780	  15680	   3d40	Nucleo_blinky.elf
Finished building: default.size.stdout
 
Finished building: Nucleo_blinky.bin
 
Finished building: Nucleo_blinky.list
 
